
> rest-express@1.0.0 crawl:smart
> tsx --env-file=.env scripts/smart-document-crawler.ts --town Albany --url https://albanynh.org --dry-run --thorough


============================================================
🤖 Smart Document Crawler (Thorough)
🏛️  Town: Albany
🌐 URL: https://albanynh.org
============================================================

🔍 Fingerprinting site...
   CMS: WordPress

📋 Strategy 1: Focused Index Pages
   Checking 7 index page candidates...
✓(232)✓(131)✗✗✗✓(10)✗
   Result: 369 docs from 3 index pages

   📄 Working index pages:
      /documents
      /minutes
      /applications

📊 Coverage Assessment:
   Documents: 369
   Categories:
      - misc: 330
      ✓ minutes: 32
      - reports: 4
      - budget: 2
      - forms: 1
   Years: ✓ Multiple
   Status: ✓ Adequate

⚡ Thorough mode: Running navigation strategy anyway...

🗺️  Strategy 2: Navigation Following
   Found 30 navigation links
✓(17)✓(4)✓(4)✓(154)✓(107)✓(4)✓(9)✓(4)✓(6)✓(11)✓(4)✓(4)✓(4)✓(9)✓(4)✓(4)✓(10)✗✓(21)✓(4)
   [20/30] 636 docs total
✓(24)✓(4)✓(131)✓(589)✓(5)✓(4)✓(13)✓(4)✓(4)✓(5)
   Result: 1249 docs after navigation following

📊 Final Assessment:
   Documents: 1249 (+880)
   Categories:
      - misc: 1039 (+709)
      ✓ minutes: 170 (+138)
      - reports: 17 (+13)
      - forms: 11 (+10)
      - ordinances: 7 (+7)
      - regulations: 3 (+3)
      - budget: 2
   Status: ✓ Adequate

============================================================
DISCOVERY COMPLETE: 1249 documents
Strategies used: Index Pages → Navigation Following
============================================================

🔍 DRY RUN

Sample documents:
   https://albanynh.org/documents/2009Warrant.pdf
   https://albanynh.org/documents/2011Budget.pdf
   https://albanynh.org/documents/2011MeetingMins.pdf
   https://albanynh.org/documents/2011Warrant.pdf
   https://albanynh.org/documents/AlbanyPicnic2009.pdf
   https://albanynh.org/documents/Amend3Part1.pdf
   https://albanynh.org/documents/Amend3Part2.pdf
   https://albanynh.org/documents/Amend3Part3.pdf
   https://albanynh.org/documents/AnnualReport2012.pdf
   https://albanynh.org/documents/April2TC.pdf
