
> rest-express@1.0.0 crawl:smart
> tsx --env-file=.env scripts/smart-document-crawler.ts --town Bartlett --url https://www.townofbartlett.nh.gov --dry-run --thorough


============================================================
🤖 Smart Document Crawler (Thorough)
🏛️  Town: Bartlett
🌐 URL: https://www.townofbartlett.nh.gov
============================================================

🔍 Fingerprinting site...
   CMS: CivicPlus

📋 Strategy 1: Focused Index Pages
   Checking 52 index page candidates...
✗✗✗✗✓(1)✓(131)✓(4)✗✗✗✗✗✗✗✗✗✗✗✗✗✗✗✗✗✗✗✗✗✗✗✗✗✗✗✗✗✗✗✗✗✗✗✗✗✗✗✗✗✗✗✗✗
   Result: 134 docs from 3 index pages

   📄 Working index pages:
      /DocumentCenter
      /AgendaCenter
      /FormCenter

📊 Coverage Assessment:
   Documents: 134
   Categories:
      ✓ agendas: 99
      ✓ minutes: 31
      - forms: 4
   Years: ✓ Multiple
   Status: ✓ Adequate

⚡ Thorough mode: Running navigation strategy anyway...

🗺️  Strategy 2: Navigation Following
   Found 12 navigation links
✓(27)✓(27)✓(27)✓(27)✓(27)✓(27)✓(27)✓(27)✓(27)..✓(27)
   Result: 160 docs after navigation following

📊 Final Assessment:
   Documents: 160 (+26)
   Categories:
      ✓ agendas: 99
      ✓ minutes: 31
      - misc: 17 (+17)
      - forms: 11 (+7)
      - regulations: 1 (+1)
      - ordinances: 1 (+1)
   Status: ✓ Adequate

============================================================
DISCOVERY COMPLETE: 160 documents
Strategies used: Index Pages → Navigation Following
============================================================

🔍 DRY RUN

Sample documents:
   https://www.townofbartlett.nh.gov/FormCenter/General-Forms-4/Report-a-Concern-46
   https://www.townofbartlett.nh.gov/AgendaCenter/ViewFile/Agenda/_07112023-1?html=true
   https://www.townofbartlett.nh.gov/AgendaCenter/ViewFile/Minutes/_07112023-1
   https://www.townofbartlett.nh.gov/AgendaCenter/ViewFile/Agenda/_07112023-1
   https://www.townofbartlett.nh.gov/AgendaCenter/ViewFile/Agenda/_07112023-1?packet=true
   https://www.townofbartlett.nh.gov/AgendaCenter/ViewFile/Agenda/_12302025-148
   https://www.townofbartlett.nh.gov/AgendaCenter/ViewFile/Agenda/_12172025-149
   https://www.townofbartlett.nh.gov/AgendaCenter/ViewFile/Agenda/_11192025-150
   https://www.townofbartlett.nh.gov/AgendaCenter/ViewFile/Agenda/_11052025-151
   https://www.townofbartlett.nh.gov/AgendaCenter/ViewFile/Agenda/_10152025-45?html=true
