
> rest-express@1.0.0 crawl:smart
> tsx --env-file=.env scripts/smart-document-crawler.ts --town Brookfield --url https://www.brookfieldnh.gov --dry-run --thorough


============================================================
🤖 Smart Document Crawler (Thorough)
🏛️  Town: Brookfield
🌐 URL: https://www.brookfieldnh.gov
============================================================

🔍 Fingerprinting site...
   Cloudflare detected, proceeding with pattern-based discovery
   CMS: Custom

📋 Strategy 1: Focused Index Pages
   Checking 59 index page candidates...
...✗✗✗✗✗✗✗✗✗✗✗✗✗✗...
   [20/59] 0 docs, 0 active pages
..✗✗✗✗✗.............
   [40/59] 0 docs, 0 active pages
..✗✗✗✗✗✗✗✗✗✗✗✗✗.✗✗✗
   Result: 0 docs from 0 index pages

📊 Coverage Assessment:
   Documents: 0
   Categories:
   Years: ✗ Limited
   Status: ⚠️  Insufficient

============================================================
DISCOVERY COMPLETE: 0 documents
Strategies used: Index Pages
============================================================

⚠️  No documents found.

