
> rest-express@1.0.0 crawl:smart
> tsx --env-file=.env scripts/smart-document-crawler.ts --town Chatham --url https://www.chathamnh.org --dry-run --thorough


============================================================
🤖 Smart Document Crawler (Thorough)
🏛️  Town: Chatham
🌐 URL: https://www.chathamnh.org
============================================================

🔍 Fingerprinting site...
   CMS: WordPress

📋 Strategy 1: Focused Index Pages
   Checking 7 index page candidates...
✗✗✗✗✗✗✗
   Result: 0 docs from 0 index pages

📊 Coverage Assessment:
   Documents: 0
   Categories:
   Years: ✗ Limited
   Status: ⚠️  Insufficient

⚡ Coverage insufficient, switching to navigation strategy...
   Reason: No minutes or agendas found

🗺️  Strategy 2: Navigation Following
   Found 23 navigation links
.....✓(82)✓(1)✓(2)..✓(3)✓(2)✓(2)✓(4)✓(127)✓(7).✓(13)✓(10).
   [20/23] 253 docs total
...
   Result: 253 docs after navigation following

📊 Final Assessment:
   Documents: 253 (+253)
   Categories:
      ✓ minutes: 211 (+211)
      - misc: 30 (+30)
      - reports: 8 (+8)
      - forms: 2 (+2)
      - ordinances: 1 (+1)
      - regulations: 1 (+1)
   Status: ✓ Adequate

============================================================
DISCOVERY COMPLETE: 253 documents
Strategies used: Index Pages → Navigation Following
============================================================

🔍 DRY RUN

Sample documents:
   https://www.chathamnh.org/wp-content/uploads/2017/06/Floodplain-Development-Permit-Application-final.pdf
   https://www.chathamnh.org/wp-content/uploads/2017/06/Floodplain-Ordinance-final-and-sealed.pdf
   https://www.chathamnh.org/wp-content/uploads/2022/06/FINAL2022-Subdivision-Regulations.pdf
   https://www.chathamnh.org/wp-content/uploads/2014/09/Chatham-2014-Subdivision-application.pdf
   https://www.chathamnh.org/wp-content/uploads/2023/07/OFFICIAL-MINUTES-05182023.pdf
   https://www.chathamnh.org/wp-content/uploads/2023/07/OFFICIAL-MINUTES-04202023.pdf
   https://www.chathamnh.org/wp-content/uploads/2023/07/OFFICIAL-MINUTES-03162023.pdf
   https://www.chathamnh.org/wp-content/uploads/2023/07/OFFICIAL-MINUTES-02162023.pdf
   https://www.chathamnh.org/wp-content/uploads/2023/07/OFFICIAL-MINUTES-01192023.pdf
   https://www.chathamnh.org/wp-content/uploads/2023/04/12.15.2022-Planning-Board-Minutes.pdf
