
> rest-express@1.0.0 crawl:smart
> tsx --env-file=.env scripts/smart-document-crawler.ts --town Eaton --url https://www.eatonnh.gov --dry-run --thorough


============================================================
🤖 Smart Document Crawler (Thorough)
🏛️  Town: Eaton
🌐 URL: https://www.eatonnh.gov
============================================================

🔍 Fingerprinting site...
   CMS: WordPress

📋 Strategy 1: Focused Index Pages
   Checking 7 index page candidates...
✗✗✗.✗✓(32)✓(15)
   Result: 46 docs from 2 index pages

   📄 Working index pages:
      /applications
      /regulations

📊 Coverage Assessment:
   Documents: 46
   Categories:
      - misc: 34
      - forms: 10
      - ordinances: 2
   Years: ✓ Multiple
   Status: ⚠️  Insufficient

⚡ Coverage insufficient, switching to navigation strategy...
   Reason: No minutes or agendas found

🗺️  Strategy 2: Navigation Following
   Found 29 navigation links
✓(15).....✓(6)...✓(2)✓(6)✓(2)✓(2).✓(32)✓(2)✓(15)..
   [20/29] 65 docs total
.........
   Result: 65 docs after navigation following

📊 Final Assessment:
   Documents: 65 (+19)
   Categories:
      - misc: 42 (+8)
      - forms: 11 (+1)
      ✓ minutes: 10 (+10)
      - ordinances: 2
   Status: ⚠️  Best effort

============================================================
DISCOVERY COMPLETE: 65 documents
Strategies used: Index Pages → Navigation Following
============================================================

🔍 DRY RUN

Sample documents:
   https://www.eatonnh.gov/wp-content/uploads/2018/04/Application-for-Employment.pdf
   https://www.eatonnh.gov/wp-content/uploads/2012/08/Abatement-Application.pdf
   https://www.eatonnh.gov/wp-content/uploads/2012/07/Address-Change-Request-Form.pdf
   https://www.eatonnh.gov/wp-content/uploads/2023/11/Agreement-and-Release-674-41.pdf
   https://www.eatonnh.gov/wp-content/uploads/2025/07/BP-Application-10-24.pdf
   https://www.eatonnh.gov/wp-content/uploads/2023/12/Building-Permit-Renewal-Application-2023.pdf
   https://www.eatonnh.gov/wp-content/uploads/2024/10/demo-permit-app-10-24.pdf
   https://www.eatonnh.gov/wp-content/uploads/2023/06/Tips-for-Managing-Security-Systems.pdf
   https://www.eatonnh.gov/wp-content/uploads/2012/08/Charitable-Exemptions-A-12-and-A-9.pdf
   https://www.eatonnh.gov/wp-content/uploads/2021/04/a-10-Current-Use.pdf
