
> rest-express@1.0.0 crawl:smart
> tsx --env-file=.env scripts/smart-document-crawler.ts --town Effingham --url https://effinghamnh.net --dry-run --thorough


============================================================
🤖 Smart Document Crawler (Thorough)
🏛️  Town: Effingham
🌐 URL: https://effinghamnh.net
============================================================

🔍 Fingerprinting site...
   CMS: Custom

📋 Strategy 1: Focused Index Pages
   Checking 59 index page candidates...
✗✗✗✗✗✗✗✗✗✗✗✗✗✗✗✗✗✗✗✗✗✗✗✗✗✗✗✗✗✗✗✗✗✗✗✗✗✗✗✗✗✗✗✗✗✗✗✗✗✗✗✗✓(261)✗.✗✗✗✗
   Result: 261 docs from 1 index pages

   📄 Working index pages:
      /documents

📊 Coverage Assessment:
   Documents: 261
   Categories:
      - misc: 183
      - reports: 32
      - forms: 13
      - ordinances: 11
      ✓ minutes: 11
      ✓ agendas: 5
      - budget: 4
      - regulations: 2
   Years: ✓ Multiple
   Status: ✓ Adequate

⚡ Thorough mode: Running navigation strategy anyway...

🗺️  Strategy 2: Navigation Following
   Found 7 navigation links
✓(261)..✓(3)✓(3)..
   Result: 262 docs after navigation following

📊 Final Assessment:
   Documents: 262 (+1)
   Categories:
      - misc: 183
      - reports: 32
      - forms: 14 (+1)
      - ordinances: 11
      ✓ minutes: 11
      ✓ agendas: 5
      - budget: 4
      - regulations: 2
   Status: ✓ Adequate

============================================================
DISCOVERY COMPLETE: 262 documents
Strategies used: Index Pages → Navigation Following
============================================================

🔍 DRY RUN

Sample documents:
   https://effinghamnh.net/uploads/effingham-performance-report-2020.pdf
   https://effinghamnh.net/uploads/effingham-q1-2021-ambulance-report-jan-to-march.pdf
   https://effinghamnh.net/uploads/2021-perf-report-jan-to-oct-2021.pdf
   https://effinghamnh.net/uploads/ambulance-q3-2021-report-jan-to-sep.pdf
   https://effinghamnh.net/uploads/2022-performance-report-jan-mar.pdf
   https://effinghamnh.net/uploads/animal-control-ordinance.pdf
   https://effinghamnh.net/uploads/2014-audit-final-signed.pdf
   https://effinghamnh.net/uploads/2015-audit.pdf
   https://effinghamnh.net/uploads/2016-audited-financial-statements.pdf
   https://effinghamnh.net/uploads/2017-audited-financial-statements.pdf
