
> rest-express@1.0.0 crawl:smart
> tsx --env-file=.env scripts/smart-document-crawler.ts --town Jackson --url https://www.jackson-nh.gov --dry-run --thorough


============================================================
🤖 Smart Document Crawler (Thorough)
🏛️  Town: Jackson
🌐 URL: https://www.jackson-nh.gov
============================================================

🔍 Fingerprinting site...
   CMS: WordPress

📋 Strategy 1: Focused Index Pages
   Checking 7 index page candidates...
✗✗✗✗✗✗✗
   Result: 0 docs from 0 index pages

📊 Coverage Assessment:
   Documents: 0
   Categories:
   Years: ✗ Limited
   Status: ⚠️  Insufficient

⚡ Coverage insufficient, switching to navigation strategy...
   Reason: No minutes or agendas found

🗺️  Strategy 2: Navigation Following
   Found 124 navigation links
✓(31)✓(31)✓(31)✓(31)✓(31)✓(31)✓(31)✓(31)✓(31)✓(34)✓(37)✓(31)✓(31)✓(31)✓(31)✓(31)✓(68)✓(31)✓(31)✓(31)
   [20/50] 77 docs total
✓(32)✓(32)✗✗✓(31)✓(31)✗✓(40)✓(31)✓(31)✓(31)✗✓(31)✓(31)✓(31)✓(32)✓(31)✓(31)✗✓(31)
   [40/50] 89 docs total
✓(31)✗✗✓(31)✓(33)✓(38)✓(31)✓(31)✓(31)✓(31)
   Result: 98 docs after navigation following

📊 Final Assessment:
   Documents: 98 (+98)
   Categories:
      - misc: 87 (+87)
      - forms: 7 (+7)
      - ordinances: 1 (+1)
      - regulations: 1 (+1)
      - budget: 1 (+1)
      - reports: 1 (+1)
   Status: ⚠️  Best effort

============================================================
DISCOVERY COMPLETE: 98 documents
Strategies used: Index Pages → Navigation Following
============================================================

🔍 DRY RUN

Sample documents:
   https://www.jackson-nh.gov/wp-content/uploads/2025/10/reap_referral_education_assistance_and_prevention_program.pdf
   https://www.jackson-nh.gov/wp-content/uploads/2025/10/volunteer_registration_form.pdf
   https://www.jackson-nh.gov/wp-content/uploads/2025/10/fireworks_ordinance_final_passed_5.15.2021_0.pdf
   https://www.jackson-nh.gov/wp-content/uploads/2025/10/bear_safety_information_for_visitors1.pdf
   https://www.jackson-nh.gov/wp-content/uploads/2025/10/class_vi_road_restrictions_approved_2.25.2020.docx.pdf
   https://www.jackson-nh.gov/wp-content/uploads/2025/10/1_jackson_road_standards_with_exhibits_-_12-18-06.pdf
   https://www.jackson-nh.gov/wp-content/uploads/2025/10/revised_approved_8.13.19_-_highway_sog.pdf
   https://www.jackson-nh.gov/wp-content/uploads/2025/10/town_of_jackson_prospect_farm_stewardship_plan_2020.pdf
   https://www.jackson-nh.gov/wp-content/uploads/2025/10/general_mgt_plan_prospect_farm.pdf
   https://www.jackson-nh.gov/wp-content/uploads/2025/10/prospect_farm_forest_type_map_2020.pdf
