
> rest-express@1.0.0 crawl:universal:v2
> tsx --env-file=.env scripts/universal-document-crawler-v2.ts --town Madison --url https://madison-nh.org --dry-run


============================================================
📄 Universal Document Crawler V2
🏛️  Town: Madison
🌐 URL: https://madison-nh.org
📊 Max pages: 200
============================================================

🗺️  Checking sitemap.xml...
   ✓ Found 9 URLs in sitemap
   Generated 0 year variants

🏠 Loading homepage...
   ⚠️  Redirect detected: madison-nh.org → www.madison-nh.org
   ✓ CMS detected: WordPress
   Extracting navigation links...
   ✓ Found 62 navigation links

📋 Building page visit queue...
   Total pages to visit: 84

📥 Visiting pages and extracting documents...
..........✓(19).✓(1).✓(2)✓(7)✓(28)✓(4).✓(6)
   [20/200] 65 docs found
✓(2).✓(2)✓(261)✓(459).✓(6)✓(2)✓(6)✓(1)✓(3)..✓(7).✓(1)✓(80)✓(2)✓(6)✓(3)
   [40/200] 904 docs found
✓(106)✓(3)✓(14)✓(1)✓(6)✓(126)✓(6)...✓(17)✓(3)✓(86).✓(11)✓(2)✓(17)✓(99)..
   [60/200] 1397 docs found
...........✗✓(14)✗.✗✗✗✗✗✗✗✓(17)✓(11)

============================================================
DISCOVERY COMPLETE: 1397 documents found
============================================================

🔍 DRY RUN - Skipping download/upload

Sample documents:
   https://www.madison-nh.org/wp-content/uploads/2026/02/000-2026-Warrant-Summary-DRAFT-02-05-26-ABC.pdf
   https://www.madison-nh.org/wp-content/uploads/2026/02/049-2026-Warrant-02-10-26-Budget-Hearing.pdf
   https://www.madison-nh.org/wp-content/uploads/2026/02/2026-Budget-Report-V-1-02-10-2026-Budget-Hearing.pdf
   https://www.madison-nh.org/wp-content/uploads/2025/11/2025-Abatement-Form.pdf
   https://www.madison-nh.org/wp-content/uploads/2025/11/Madison-2025-USPAP-Manual-Rev-1.pdf
   https://www.madison-nh.org/wp-content/uploads/2023/07/FACILITY-PERMIT-REQUIREMENTS-Webpage-07-17-2023.pdf
   https://www.madison-nh.org/wp-content/uploads/2025/05/SILVER-LAKE-BOAT-LAUNCH-5-2025.pdf
   https://www.madison-nh.org/wp-content/uploads/2026/02/1a-RSA-32-5d-for-Website.pdf
   https://www.madison-nh.org/wp-content/uploads/2025/03/Welcome-Packet-03-19-25.pdf
   https://www.madison-nh.org/wp-content/uploads/2011/09/Request-for-Change-of-Name-Address_BOS_2013_04_11.pdf
