
> rest-express@1.0.0 crawl:smart
> tsx --env-file=.env scripts/smart-document-crawler.ts --town Sandwich --url https://www.sandwichnh.com --dry-run --thorough


============================================================
🤖 Smart Document Crawler (Thorough)
🏛️  Town: Sandwich
🌐 URL: https://www.sandwichnh.com
============================================================

🔍 Fingerprinting site...
   Homepage load failed, proceeding anyway
   CMS: Custom

📋 Strategy 1: Focused Index Pages
   Checking 59 index page candidates...
✗✗✗✗✗✗✗✗✗✗✗✗✗✗✗✗✗✗✗✗✗✗✗✗✗✗✗✗✗✗✗✗✗✗✗✗✗✗✗✗✗✗✗✗✗✗✗✗✗✗✗✗✗✗✗✗✗✗✗
   Result: 0 docs from 0 index pages

📊 Coverage Assessment:
   Documents: 0
   Categories:
   Years: ✗ Limited
   Status: ⚠️  Insufficient

============================================================
DISCOVERY COMPLETE: 0 documents
Strategies used: Index Pages
============================================================

⚠️  No documents found.

