
> rest-express@1.0.0 crawl:smart
> tsx --env-file=.env scripts/smart-document-crawler.ts --town Tamworth --url https://tamworthnh.gov --dry-run --thorough


============================================================
🤖 Smart Document Crawler (Thorough)
🏛️  Town: Tamworth
🌐 URL: https://tamworthnh.gov
============================================================

🔍 Fingerprinting site...
   CMS: CivicPlus

📋 Strategy 1: Focused Index Pages
   Checking 52 index page candidates...
✗✗✗✗.✓(374)✓(4)✗✗✗✗✗✗✗✗✗✗✗✗✗✗✗✗✗✗✗✗✗✗✗✗✗✗✗✗✗✗✗✗✗✗✗✗✗✗✗✗✗✗✗✗✗
   Result: 378 docs from 2 index pages

   📄 Working index pages:
      /AgendaCenter
      /FormCenter

📊 Coverage Assessment:
   Documents: 378
   Categories:
      ✓ agendas: 277
      ✓ minutes: 96
      - forms: 4
      - misc: 1
   Years: ✓ Multiple
   Status: ✓ Adequate

⚡ Thorough mode: Running navigation strategy anyway...

🗺️  Strategy 2: Navigation Following
   Found 10 navigation links
✗✗✗✗✗✗✗✗✗✗
   Result: 378 docs after navigation following

📊 Final Assessment:
   Documents: 378 (+0)
   Categories:
      ✓ agendas: 277
      ✓ minutes: 96
      - forms: 4
      - misc: 1
   Status: ✓ Adequate

============================================================
DISCOVERY COMPLETE: 378 documents
Strategies used: Index Pages → Navigation Following
============================================================

🔍 DRY RUN

Sample documents:
   https://tamworthnh.gov/DocumentCenter/Index/170
   https://tamworthnh.gov/AgendaCenter/ViewFile/Agenda/_08262025-102?html=true
   https://tamworthnh.gov/AgendaCenter/ViewFile/Minutes/_08262025-102
   https://tamworthnh.gov/AgendaCenter/ViewFile/Agenda/_08262025-102
   https://tamworthnh.gov/AgendaCenter/ViewFile/Agenda/_08262025-102?packet=true
   https://tamworthnh.gov/AgendaCenter/ViewFile/Agenda/_07292025-101?html=true
   https://tamworthnh.gov/AgendaCenter/ViewFile/Minutes/_07292025-101
   https://tamworthnh.gov/AgendaCenter/ViewFile/Agenda/_07292025-101
   https://tamworthnh.gov/AgendaCenter/ViewFile/Agenda/_07292025-101?packet=true
   https://tamworthnh.gov/AgendaCenter/ViewFile/Agenda/_06242025-99?html=true
