
> rest-express@1.0.0 crawl:universal:v2
> tsx --env-file=.env scripts/universal-document-crawler-v2.ts --town Tuftonboro --url https://www.tuftonboronh.gov --dry-run


============================================================
📄 Universal Document Crawler V2
🏛️  Town: Tuftonboro
🌐 URL: https://www.tuftonboronh.gov
📊 Max pages: 200
============================================================

🗺️  Checking sitemap.xml...
   No sitemap found
   Generated 0 year variants

🏠 Loading homepage...
   ✓ CMS detected: CivicPlus
   Extracting navigation links...
   ✓ Found 182 navigation links

📋 Building page visit queue...
   Total pages to visit: 381

📥 Visiting pages and extracting documents...
✓(93)✓(93)✓(97)✗✓(93)✗✓(93)✓(96)✗✓(93).✓(94)✓(93)✓(93)✓(101)✗✗✗✓(93)✗✓(93)✗✓(94)✓(93)✓(100)✓(93)✓(93)✓(93)✓(93)✓(93)✓(93)✓(93)✓(93)✗✗✗✗✗✓(93).
   [40/200] 117 docs found
✓(94)✓(93)✓(93)✗✓(97)✗✗✗✗✗✗✓(93)✓(93)✓(93)✓(93).✓(93).✓(93)✗✗✗✓(95)✗✓(94)✓(93)✗✓(93)✗✗✗✓(94)✗✓(93)✗✓(93)✗✗✗✓(93)
   [80/200] 126 docs found
✓(93)✓(93)✗✗✗✗✗✗✗✓(93)✗✓(94)✓(93)✗✗✓(93)✓(103)✓(107)✓(93)✓(93)
   [100/200] 151 docs found
✓(93)✓(93)✗✗✗✗✗✗✓(94)✗✗✗✓(103)✓(93)✗✗✗✗✗✗✗✓(93)✗✗✓(97)..✗✗✗✗✓(94)✗✗✓(93)✓(93)✓(94)✗✓(93)✓(96)
   [140/200] 171 docs found
✓(93)✗✓(93)✗✓(97)✗✗✗✓(94)✗.✗✓(93)✗✗✓(100)✗✗✓(96)✗✗✗✗✗✗✗✗✗✓(94)✗✗✗✓(93)✗✗✓(93)...✓(350)
   [180/200] 379 docs found
✓(93)✓(94)✗✗✗✗✗✗✗✗✗✗✗✗✗✓(93)✗✗✓(93)✗

============================================================
DISCOVERY COMPLETE: 380 documents found
============================================================

🔍 DRY RUN - Skipping download/upload

Sample documents:
   https://www.tuftonboronh.gov/administration/files/application-employment
   https://www.tuftonboronh.gov/administration/files/zoning-ordinance-march-2024a
   https://www.tuftonboronh.gov/assessing/files/elderly-exemption-worksheet
   https://www.tuftonboronh.gov/code-enforcement-health-officer/files/certificate-occupancy
   https://www.tuftonboronh.gov/code-enforcement-health-officer/files/coronaviruscovid-19-guidance
   https://www.tuftonboronh.gov/code-enforcement-health-officer/files/zoning-ordinance-march-2024a-0
   https://www.tuftonboronh.gov/emergency-management/files/tuftonboro-emergency-management
   https://www.tuftonboronh.gov/highway-department/files/nh-dot-response-letter-nh-regarding-nh-109nh-109a-intersection-and-nh
   https://www.tuftonboronh.gov/highway-department/files/snow-plowing-policy
   https://www.tuftonboronh.gov/highway-department/files/tuftonboro-culvert-study-2017
