
> rest-express@1.0.0 crawl:universal:v2:batch
> tsx --env-file=.env scripts/batch-universal-v2-crawler.ts --dry-run


======================================================================
📄 BATCH UNIVERSAL DOCUMENT CRAWLER V2
======================================================================
🏛️  Towns: 18
🔍 Mode: DRY RUN
⏰ Started: 2026-02-11T22:48:28.899Z
======================================================================


[1/18] Starting Albany...


======================================================================
🏛️  Crawling: Albany
🌐 URL: https://albanynh.org
⏰ Started: 2026-02-11T22:48:28.899Z
======================================================================


> rest-express@1.0.0 crawl:universal:v2
> tsx --env-file=.env scripts/universal-document-crawler-v2.ts --town Albany --url https://albanynh.org --dry-run


============================================================
📄 Universal Document Crawler V2
🏛️  Town: Albany
🌐 URL: https://albanynh.org
📊 Max pages: 200
============================================================

🗺️  Checking sitemap.xml...
   ✓ Found 5 URLs in sitemap
   Generated 0 year variants

🏠 Loading homepage...
   ✓ CMS detected: WordPress
   Extracting navigation links...
   ✓ Found 30 navigation links

📋 Building page visit queue...
   Total pages to visit: 48

📥 Visiting pages and extracting documents...
.....✓(17)✓(4)✓(4)✓(154)✓(107)✓(4)✓(9)✓(4)✓(6)✓(11)✓(4)✓(4)✓(4)✓(9)✓(4)
   [20/200] 289 docs found
✓(4)✓(10)✗✓(21)✓(4)✓(24)✓(4)✓(131)✓(589)✓(5)✓(4)✓(13)✓(4)✓(4)✓(5)✓(232)✓(131)✗✗✗✗✗✗✗✗✓(21)✗✓(10)

============================================================
DISCOVERY COMPLETE: 1249 documents found
============================================================

🔍 DRY RUN - Skipping download/upload

Sample documents:
   http://albanynh.org/wp-content/uploads/2013/01/MasterPlanFinal.pdf
   https://albanynh.org/wp-content/2025/05/SKM_C3320i25052910130.pdf
   https://albanynh.org/wp-content/2025/11/SKM_C3320i25111308410-1.pdf
   https://albanynh.org/wp-content/2026/02/SKM_C3320i26020414210.pdf
   https://albanynh.org/wp-content/2026/02/SKM_C3320i26020414211.pdf
   https://albanynh.org/wp-content/2025/02/2025-Warrant-signed-02202025.pdf
   https://albanynh.org/wp-content/2025/05/Signed-MS-636-2025.pdf
   https://albanynh.org/wp-content/2025/03/Albany-Town-Report-2024-proof.pdf
   https://albanynh.org/wp-content/2024/02/Albany-Town-Report-2023-web.pdf
   https://albanynh.org/wp-content/2023/02/2022-Albany-Town-Report.pdf

✅ Completed: Albany (2.7 min)


⏳ Waiting 5 seconds before next town...


[2/18] Starting Bartlett...


======================================================================
🏛️  Crawling: Bartlett
🌐 URL: https://www.townofbartlett.nh.gov
⏰ Started: 2026-02-11T22:51:14.002Z
======================================================================


> rest-express@1.0.0 crawl:universal:v2
> tsx --env-file=.env scripts/universal-document-crawler-v2.ts --town Bartlett --url https://www.townofbartlett.nh.gov --dry-run


============================================================
📄 Universal Document Crawler V2
🏛️  Town: Bartlett
🌐 URL: https://www.townofbartlett.nh.gov
📊 Max pages: 200
============================================================

🗺️  Checking sitemap.xml...
   ✓ Found 29 URLs in sitemap
   Generated 143 year variants

🏠 Loading homepage...
   ✓ CMS detected: CivicPlus
   Extracting navigation links...
   ✓ Found 16 navigation links

📋 Building page visit queue...
   Total pages to visit: 379

📥 Visiting pages and extracting documents...
✓(27)✓(27)✓(27)✓(27)✓(27)✓(27)✓(27)✓(27)✓(27)✓(27)✓(27)✓(27)✓(27)✓(27)✓(27)✓(27)✓(27)✓(27)✓(27)✓(27)
   [20/200] 27 docs found
✓(27)✓(27)✓(27)✓(27)✓(27)✓(27)✓(27)✓(27)✓(27)✗✗✗✗✗✗✗✗✗✗✗✗✗✗✗✗✗✗✗✗✗✗✗✗✗✗✗✗✗✗✗✗✗✗✗✗✗✗✗✗✗✗✗✗✗✗✗✗✗✗✗✗✗✗✗✗✗✗✗✗✗✗✗✗✗✗✗✗✗✗✗✗✗✗✗✗✗✗✗✗✗✗✗✗✗✗✗✗✗✗✗✗✗✗✗✗✗✗✗✗✗✗✗✗✗✗✗✗✗✗✗✗✗✗✗✗✗✗✗✗✗✗✗✗✗✗✗✗✗✗✗✗✗✗✗✗✗✗✗✗✗✗✗✓(27)✓(27)✓(27)✓(27)✗✗..
   [180/200] 27 docs found
✓(27).✗✗✗✗✗✗✗✗✗✗✗✗✗✗✗✗✗✗

============================================================
DISCOVERY COMPLETE: 27 documents found
============================================================

🔍 DRY RUN - Skipping download/upload

Sample documents:
   https://www.townofbartlett.nh.gov/DocumentCenter/View/433/New-Fees-Effective-July-1-2024-PDF
   https://www.townofbartlett.nh.gov/DocumentCenter/View/409/Accessory-Dwelling-Unit-Permit-and-Checklist-PDF
   https://www.townofbartlett.nh.gov/DocumentCenter/View/412/Addition-Permit-PDF
   https://www.townofbartlett.nh.gov/DocumentCenter/View/413/Detached-Addition-Building-Permit-PDF
   https://www.townofbartlett.nh.gov/DocumentCenter/View/410/Interior-Change-of-Use-Residential-PDF
   https://www.townofbartlett.nh.gov/DocumentCenter/View/408/Minor-Modification-Form-PDF
   https://www.townofbartlett.nh.gov/DocumentCenter/View/411/New-House-Building-Permit-Application-PDF
   https://www.townofbartlett.nh.gov/DocumentCenter/View/415/Annual-Sign-Permit-Real-Estate-Contracted-Services-Etc-PDF
   https://www.townofbartlett.nh.gov/DocumentCenter/View/419/Cell-Tower-Application-or-Modification-PDF
   https://www.townofbartlett.nh.gov/DocumentCenter/View/420/Commercial-Building-Permit-PDF

✅ Completed: Bartlett (5.8 min)


⏳ Waiting 5 seconds before next town...


[3/18] Starting Brookfield...


======================================================================
🏛️  Crawling: Brookfield
🌐 URL: https://www.brookfieldnh.gov
⏰ Started: 2026-02-11T22:57:08.230Z
======================================================================


> rest-express@1.0.0 crawl:universal:v2
> tsx --env-file=.env scripts/universal-document-crawler-v2.ts --town Brookfield --url https://www.brookfieldnh.gov --dry-run


============================================================
📄 Universal Document Crawler V2
🏛️  Town: Brookfield
🌐 URL: https://www.brookfieldnh.gov
📊 Max pages: 200
============================================================

🗺️  Checking sitemap.xml...
   No sitemap found
   Generated 0 year variants

🏠 Loading homepage...
   Waiting for Cloudflare (attempt 1/3)...
   Waiting for Cloudflare (attempt 2/3)...
   Waiting for Cloudflare (attempt 3/3)...
   ⚠️  Cloudflare block persists, will rely on sitemap

📋 Building page visit queue...
   Total pages to visit: 200

📥 Visiting pages and extracting documents...
✗✗✗✗✗✗✗✗✗✗✗✗✗✗✗✗✗✗✗✗✗✗✗✗✗✗✗✗✗✗✗✗✗✗✗✓(1)✓(1)✓(1)✓(1)✓(1)
   [40/200] 1 docs found
✓(1)✓(1)✓(1)✓(1)✓(1)✓(1)✗✓(1)✗✗✓(1)✗✓(1)✗✓(1)✗✓(1)✓(1)✓(1)✓(1)
   [60/200] 1 docs found
✓(1)✓(1)✓(1)✓(1)✓(1)✓(1)✓(1)✓(1)✓(1)✓(1)✓(1)✓(1)✓(1)✓(1)✓(1)✓(1)✓(1)✓(1)✓(1)✓(1)
   [80/200] 1 docs found
✓(1)✓(1)✓(1)✓(1)✓(1)✓(1)✓(1)✓(1)✓(1)✓(1)✓(5)✓(5)✓(5)✓(5)✓(5)✓(5)✓(5)✓(5)✓(5)✓(5)
   [100/200] 5 docs found
✓(5)✓(1)✓(1)✓(1)✓(1)✓(1)✓(1)✓(1)✓(1)✓(1)✓(1)✓(1)✗.✗✗.✗.✗.✗.✗.✗✗.✗.✗.✗.✗✗✗✗✗✗✗✗✗✗✗✗✗✗✗✗✗✗✗✗✗✗✗✗✗✗✗✗✗✗✗✗✗✗✓(1)✗✗✓(1)✗✓(1)✗✓(1)✗✓(1)✗.
   [180/200] 5 docs found
✗✗.✗.✗.✗.✗✗✗✗✗✗✗✗✗✗✗

============================================================
DISCOVERY COMPLETE: 5 documents found
============================================================

🔍 DRY RUN - Skipping download/upload

Sample documents:
   https://www.brookfieldnh.gov/board-selectmen/files/town-ordinances
   https://www.brookfieldnh.gov/conservation-commission/files/forest-management-plan-map
   https://www.brookfieldnh.gov/conservation-commission/files/natural-resources-inventory
   https://www.brookfieldnh.gov/conservation-commission/files/town-preserve-forest-management-plan-december-2018
   https://www.brookfieldnh.gov/conservation-commission/files/town-preserve-trail-map

✅ Completed: Brookfield (8.1 min)


⏳ Waiting 5 seconds before next town...


[4/18] Starting Chatham...


======================================================================
🏛️  Crawling: Chatham
🌐 URL: https://www.chathamnh.org
⏰ Started: 2026-02-11T23:05:19.906Z
======================================================================


> rest-express@1.0.0 crawl:universal:v2
> tsx --env-file=.env scripts/universal-document-crawler-v2.ts --town Chatham --url https://www.chathamnh.org --dry-run


============================================================
📄 Universal Document Crawler V2
🏛️  Town: Chatham
🌐 URL: https://www.chathamnh.org
📊 Max pages: 200
============================================================

🗺️  Checking sitemap.xml...
   ✓ Found 3 URLs in sitemap
   Generated 0 year variants

🏠 Loading homepage...
   ✓ CMS detected: WordPress
   Extracting navigation links...
   ✓ Found 23 navigation links

📋 Building page visit queue...
   Total pages to visit: 39

📥 Visiting pages and extracting documents...
........✓(82)✓(1)✓(2)..✓(3)✓(2)✓(2)✓(4)✓(127)✓(7).
   [20/200] 230 docs found
✓(13)✓(10)....✗✗✗✗✗✗✗✗✗✗✗✗✗

============================================================
DISCOVERY COMPLETE: 253 documents found
============================================================

🔍 DRY RUN - Skipping download/upload

Sample documents:
   https://www.chathamnh.org/wp-content/uploads/2017/06/Floodplain-Development-Permit-Application-final.pdf
   https://www.chathamnh.org/wp-content/uploads/2017/06/Floodplain-Ordinance-final-and-sealed.pdf
   https://www.chathamnh.org/wp-content/uploads/2022/06/FINAL2022-Subdivision-Regulations.pdf
   https://www.chathamnh.org/wp-content/uploads/2014/09/Chatham-2014-Subdivision-application.pdf
   https://www.chathamnh.org/wp-content/uploads/2023/07/OFFICIAL-MINUTES-05182023.pdf
   https://www.chathamnh.org/wp-content/uploads/2023/07/OFFICIAL-MINUTES-04202023.pdf
   https://www.chathamnh.org/wp-content/uploads/2023/07/OFFICIAL-MINUTES-03162023.pdf
   https://www.chathamnh.org/wp-content/uploads/2023/07/OFFICIAL-MINUTES-02162023.pdf
   https://www.chathamnh.org/wp-content/uploads/2023/07/OFFICIAL-MINUTES-01192023.pdf
   https://www.chathamnh.org/wp-content/uploads/2023/04/12.15.2022-Planning-Board-Minutes.pdf

✅ Completed: Chatham (2.0 min)


⏳ Waiting 5 seconds before next town...


[5/18] Starting Conway...


======================================================================
🏛️  Crawling: Conway
🌐 URL: https://conwaynh.gov
⏰ Started: 2026-02-11T23:07:24.737Z
======================================================================


> rest-express@1.0.0 crawl:universal:v2
> tsx --env-file=.env scripts/universal-document-crawler-v2.ts --town Conway --url https://conwaynh.gov --dry-run


============================================================
📄 Universal Document Crawler V2
🏛️  Town: Conway
🌐 URL: https://conwaynh.gov
📊 Max pages: 200
============================================================

🗺️  Checking sitemap.xml...
   ✓ Found 17 URLs in sitemap
   Generated 0 year variants

🏠 Loading homepage...
   ✓ CMS detected: Custom
   Extracting navigation links...
   ✓ Found 6 navigation links

📋 Building page visit queue...
   Total pages to visit: 222

📥 Visiting pages and extracting documents...
✓(239)........✓(5)✓(5)..✓(1)..✓(1).✓(239).
   [20/200] 250 docs found
...✗.✗✗✗✗✗✗✗✗✗✗✗✗✗✗✗✗✗✗✗✗✗✗✗✗✗✗✗✗✗✗✗✗✗✗✗✗✗✗✗✗✗✗✗✗✗✗✗✗✗✗✗✗✗✗✗✗✗✗✗✗✗✗✗✗✗✗✗✗✗✗✗✗✗✗✗✗✗✗✗✗✗✗✗✗✗✗✗✗✗✗✗✗✗✗✗✗✗✗✗✗✗✗✗✗✗✗✗✗✗✗✗✗✗✗✗✗✗✗✗✗✗✗✗✗✗✗✗✗✗✗✗✗✗✗✗✗✗✗✗✗✗✗✗✗✗✗✗✗✗✗✗✗✗✗✗✗✗✗✗✗✗✗✗✗✗✗✗✗✗✗✗✗✗✗✗

============================================================
DISCOVERY COMPLETE: 250 documents found
============================================================

🔍 DRY RUN - Skipping download/upload

Sample documents:
   https://conwaynh.gov/uploads/2019-conway-tax-rates-final.pdf
   https://conwaynh.gov/uploads/2020-conway-tax-rates-final.pdf
   https://conwaynh.gov/uploads/2021-conway-tax-rates-final.pdf
   https://conwaynh.gov/uploads/copy-of-fall2022-2-.xlsx
   https://conwaynh.gov/uploads/copy-of-spring-2022-1-.xlsx
   https://conwaynh.gov/uploads/2022-conway-tax-rates-final.pdf
   https://conwaynh.gov/uploads/2023-full-statistical-revaluation-presentation-for-selectmen-10122023-conway.pdf
   https://conwaynh.gov/uploads/copy-of-spring-2023-1-.xlsx
   https://conwaynh.gov/uploads/2023-conway-tax-rates-final.pdf
   https://conwaynh.gov/uploads/2024-conway-tax-rates-final.pdf

✅ Completed: Conway (4.8 min)


⏳ Waiting 5 seconds before next town...


[6/18] Starting Eaton...


======================================================================
🏛️  Crawling: Eaton
🌐 URL: https://www.eatonnh.gov
⏰ Started: 2026-02-11T23:12:20.210Z
======================================================================


> rest-express@1.0.0 crawl:universal:v2
> tsx --env-file=.env scripts/universal-document-crawler-v2.ts --town Eaton --url https://www.eatonnh.gov --dry-run


============================================================
📄 Universal Document Crawler V2
🏛️  Town: Eaton
🌐 URL: https://www.eatonnh.gov
📊 Max pages: 200
============================================================

🗺️  Checking sitemap.xml...
   ✓ Found 6 URLs in sitemap
   Generated 0 year variants

🏠 Loading homepage...
   ✓ CMS detected: WordPress
   Extracting navigation links...
   ✓ Found 29 navigation links

📋 Building page visit queue...
   Total pages to visit: 48

📥 Visiting pages and extracting documents...
............✓(6)...✓(2)✓(6)✓(2)✓(2)
   [20/200] 18 docs found
.✓(32)✓(2)✓(15)...........✗✗✗.✗✗✗✗✗✗✗✓(15)✓(32)

============================================================
DISCOVERY COMPLETE: 65 documents found
============================================================

🔍 DRY RUN - Skipping download/upload

Sample documents:
   https://www.eatonnh.gov/wp-content/uploads/2025/04/ZBA-March-17-2025-Minutes-.pdf
   https://www.eatonnh.gov/wp-content/uploads/2025/06/ZBA-April-21-2025-Minutes-.pdf
   https://www.eatonnh.gov/wp-content/uploads/2025/11/ZBA-June-16-2025-Minutes.pdf
   https://www.eatonnh.gov/wp-content/uploads/2025/11/ZBA-October-20-2025-Minutes.pdf
   https://www.eatonnh.gov/wp-content/uploads/2012/07/zba-Min-9-19-16.pdf
   https://www.eatonnh.gov/wp-content/uploads/2012/07/zba-Min-12-5-16.pdf
   https://www.eatonnh.gov/wp-content/uploads/2026/01/BOS-January-6-2026.pdf
   https://www.eatonnh.gov/wp-content/uploads/2026/02/BOS-January-20-2026.pdf
   https://www.eatonnh.gov/wp-content/uploads/2026/01/BOS-Minutes-2025.pdf
   https://www.eatonnh.gov/wp-content/uploads/2025/01/Minutes-2024.pdf

✅ Completed: Eaton (2.3 min)


⏳ Waiting 5 seconds before next town...


[7/18] Starting Effingham...


======================================================================
🏛️  Crawling: Effingham
🌐 URL: https://effinghamnh.net
⏰ Started: 2026-02-11T23:14:43.199Z
======================================================================


> rest-express@1.0.0 crawl:universal:v2
> tsx --env-file=.env scripts/universal-document-crawler-v2.ts --town Effingham --url https://effinghamnh.net --dry-run


============================================================
📄 Universal Document Crawler V2
🏛️  Town: Effingham
🌐 URL: https://effinghamnh.net
📊 Max pages: 200
============================================================

🗺️  Checking sitemap.xml...
   ✓ Found 134 URLs in sitemap
   Generated 0 year variants

🏠 Loading homepage...
   ✓ CMS detected: Custom
   Extracting navigation links...
   ✓ Found 7 navigation links

📋 Building page visit queue...
   Total pages to visit: 333

📥 Visiting pages and extracting documents...
.✓(261)..✓(7)✓(7)✓(3)✓(10)✓(3).✓(1).✓(20)...✓(2).✓(3)✓(1)
   [20/200] 301 docs found
✓(3)✓(3)✓(2).✓(1)........✓(2)..✓(1).✓(1)✓(1)
   [40/200] 302 docs found
.✓(1)✓(1)✓(1).✓(1)✓(1)✓(1)✓(1)...........
   [60/200] 303 docs found
..........✓(1)✓(1)..✓(1)✓(1)✓(1).