
> rest-express@1.0.0 crawl:smart
> tsx --env-file=.env scripts/smart-document-crawler.ts --town Wakefield --url https://www.wakefieldnh.gov --dry-run --thorough


============================================================
🤖 Smart Document Crawler (Thorough)
🏛️  Town: Wakefield
🌐 URL: https://www.wakefieldnh.gov
============================================================

🔍 Fingerprinting site...
   CMS: CivicPlus

📋 Strategy 1: Focused Index Pages
   Checking 52 index page candidates...
..✗✗✗✗✗.....✗✗✗✗✗✗✗✗✗✗✗✗✗✗✗✗✗✗✗✗✗✗✗✗✗✗✗✗✗✗..........
   Result: 0 docs from 0 index pages

📊 Coverage Assessment:
   Documents: 0
   Categories:
   Years: ✗ Limited
   Status: ⚠️  Insufficient

⚡ Coverage insufficient, switching to navigation strategy...
   Reason: No minutes or agendas found

🗺️  Strategy 2: Navigation Following
   Found 53 navigation links
....................
   [20/50] 0 docs total
........✓(1)....✗✓(1)✗✓(1).✗✗✗✗✗✗✓(1)✓(1)✗✗✓(1)✓(1)
   Result: 7 docs after navigation following

📊 Final Assessment:
   Documents: 7 (+7)
   Categories:
      - misc: 7 (+7)
   Status: ⚠️  Best effort

============================================================
DISCOVERY COMPLETE: 7 documents
Strategies used: Index Pages → Navigation Following
============================================================

🔍 DRY RUN

Sample documents:
   https://www.wakefieldnh.gov/sites/g/files/vyhlif1366/f/pages/firefighter-emt-a_12-10-14_0.pdf
   https://www.wakefieldnh.gov/sites/g/files/vyhlif1366/f/pages/cip_2025.approved.pdf
   https://www.wakefieldnh.gov/sites/g/files/vyhlif1366/f/pages/general_instructions_2024.pdf
   https://www.wakefieldnh.gov/sites/g/files/vyhlif1366/f/pages/major_spr_checklist_0.pdf
   https://www.wakefieldnh.gov/sites/g/files/vyhlif1366/f/pages/request_for_amendment_to_subdivision_plan_or_conditions_of_approval_2024.pdf
   https://www.wakefieldnh.gov/sites/g/files/vyhlif1366/f/pages/request_for_amendment_to_subdivision_plan_or_conditions_of_approval_2024_0.pdf
   https://www.wakefieldnh.gov/sites/g/files/vyhlif1366/f/pages/request_for_extension_2024.pdf
